#
# There is insufficient memory for the Java Runtime Environment to continue.
# Native memory allocation (malloc) failed to allocate 1433936 bytes. Error detail: Chunk::new
# Possible reasons:
#   The system is out of physical RAM or swap space
#   This process is running with CompressedOops enabled, and the Java Heap may be blocking the growth of the native heap
# Possible solutions:
#   Reduce memory load on the system
#   Increase physical memory or swap space
#   Check if swap backing store is full
#   Decrease Java heap size (-Xmx/-Xms)
#   Decrease number of Java threads
#   Decrease Java thread stack sizes (-Xss)
#   Set larger code cache with -XX:ReservedCodeCacheSize=
#   JVM is running with Zero Based Compressed Oops mode in which the Java heap is
#     placed in the first 32GB address space. The Java Heap base address is the
#     maximum limit for the native heap growth. Please use -XX:HeapBaseMinAddress
#     to set the Java Heap base and to place the Java Heap above 32GB virtual address.
# This output file may be truncated or incomplete.
#
#  Out of Memory Error (arena.cpp:168), pid=14536, tid=25608
#
# JRE version: OpenJDK Runtime Environment Temurin-21.0.11+10 (21.0.11+10) (build 21.0.11+10-LTS)
# Java VM: OpenJDK 64-Bit Server VM Temurin-21.0.11+10 (21.0.11+10-LTS, mixed mode, sharing, tiered, compressed oops, compressed class ptrs, g1 gc, windows-amd64)
# No core dump will be written. Minidumps are not enabled by default on client versions of Windows
#

---------------  S U M M A R Y ------------

Command Line: --add-modules=ALL-SYSTEM --add-opens=java.base/java.util=ALL-UNNAMED --add-opens=java.base/java.lang=ALL-UNNAMED --add-opens=java.base/sun.nio.fs=ALL-UNNAMED -Declipse.application=org.eclipse.jdt.ls.core.id1 -Dosgi.bundles.defaultStartLevel=4 -Declipse.product=org.eclipse.jdt.ls.core.product -Djava.import.generatesMetadataFilesAtProjectRoot=false -DDetectVMInstallationsJob.disabled=true -Dfile.encoding=utf8 -Xlog:disable -Xmx4G -XX:+UseG1GC -XX:+UseStringDeduplication -javaagent:c:\Users\rudra\.vscode\extensions\redhat.java-1.55.0-win32-x64\lombok\lombok-1.18.39-4050.jar -XX:+HeapDumpOnOutOfMemoryError -XX:HeapDumpPath=c:\Users\rudra\AppData\Roaming\Code\User\workspaceStorage\086a3813734a799be09e0ee9bd3557e7\redhat.java -Daether.dependencyCollector.impl=bf c:\Users\rudra\.vscode\extensions\redhat.java-1.55.0-win32-x64\server\plugins\org.eclipse.equinox.launcher_1.7.200.v20260619-2039.jar -configuration c:\Users\rudra\AppData\Roaming\Code\User\globalStorage\redhat.java\1.55.0\config_win -data c:\Users\rudra\AppData\Roaming\Code\User\workspaceStorage\086a3813734a799be09e0ee9bd3557e7\redhat.java\jdt_ws --pipe=\\.\pipe\lsp-e95e79ffd8112ba837e047f6c7ce6d7c-sock

Host: AMD Ryzen 5 7535HS with Radeon Graphics        , 12 cores, 7G,  Windows 11 , 64 bit Build 26100 (10.0.26100.9168)
Time: Thu Aug 27 10:30:23 2026 India Standard Time elapsed time: 65.801878 seconds (0d 0h 1m 5s)

---------------  T H R E A D  ---------------

Current thread (0x00000297d5cdf080):  JavaThread "C2 CompilerThread0" daemon [_thread_in_native, id=25608, stack(0x000000a006500000,0x000000a006600000) (1024K)]


Current CompileTask:
C2:65802 7696 %     4       org.eclipse.jdt.internal.core.search.indexing.BinaryIndexer::extractReferenceFromConstantPool @ 15 (358 bytes)

Stack: [0x000000a006500000,0x000000a006600000]
Native frames: (J=compiled Java code, j=interpreted, Vv=VM code, C=native code)
V  [jvm.dll+0x6d7e19]
V  [jvm.dll+0x8b5096]
V  [jvm.dll+0x8b764e]
V  [jvm.dll+0x8b7d33]
V  [jvm.dll+0x284596]
V  [jvm.dll+0xc685d]
V  [jvm.dll+0xc6da1]
V  [jvm.dll+0x3bed31]
V  [jvm.dll+0x1e3f42]
V  [jvm.dll+0x24c853]
V  [jvm.dll+0x24bce0]
V  [jvm.dll+0x1cb4ae]
V  [jvm.dll+0x25baad]
V  [jvm.dll+0x25a03a]
V  [jvm.dll+0x3f868e]
V  [jvm.dll+0x85fb0d]
V  [jvm.dll+0x6d664d]
C  [ucrtbase.dll+0x2cd30]
C  [KERNEL32.DLL+0x2ccb7]
C  [ntdll.dll+0xaad6c]


---------------  P R O C E S S  ---------------

Threads class SMR info:
_java_thread_list=0x000002981eef5940, length=65, elements={
0x00000297bc19dae0, 0x00000297d5cd2300, 0x00000297d5cd5510, 0x00000297d5cd73e0,
0x00000297d5cd7a70, 0x00000297d5cd94b0, 0x00000297d5cd9b40, 0x00000297d5cdf080,
0x00000297d5cf2310, 0x00000297d5cd8790, 0x00000297d5cd8e20, 0x00000297d5cda1d0,
0x00000297d5cd6d50, 0x00000297d5cd8100, 0x00000297d67ac280, 0x00000297d67a9b20,
0x00000297d67abbf0, 0x00000297d67a9490, 0x00000297d67a8e00, 0x00000297d67ad630,
0x00000297d67adcc0, 0x00000297d67acfa0, 0x00000297d67ac910, 0x00000297d67aa840,
0x00000297d67ab560, 0x00000297d67ae350, 0x00000297d67aaed0, 0x00000297d67ae9e0,
0x00000297d67af070, 0x00000297d67b0420, 0x00000297d67af700, 0x00000297d67afd90,
0x000002981d3fe300, 0x000002981d4003d0, 0x000002981d3ff6b0, 0x000002981d3ff020,
0x000002981d4010f0, 0x000002981d3fe990, 0x000002981d3ffd40, 0x000002981d400a60,
0x000002981d3fdc70, 0x000002981d401e10, 0x000002981d4024a0, 0x000002981d402b30,
0x000002981d404570, 0x000002981d403ee0, 0x000002981d403850, 0x000002981d404c00,
0x000002981d401780, 0x000002981d405290, 0x000002981f343910, 0x000002981f343fa0,
0x000002981f344630, 0x000002981f344cc0, 0x000002981f345350, 0x000002981f341ed0,
0x000002981f3459e0, 0x000002981f342560, 0x000002981f343280, 0x000002981f346070,
0x000002981f342bf0, 0x000002981f346700, 0x000002981f346d90, 0x000002981f348140,
0x000002981f347420
}

Java Threads: ( => current thread )
  0x00000297bc19dae0 JavaThread "main"                              [_thread_blocked, id=29104, stack(0x000000a005700000,0x000000a005800000) (1024K)]
  0x00000297d5cd2300 JavaThread "Reference Handler"          daemon [_thread_blocked, id=6088, stack(0x000000a005f00000,0x000000a006000000) (1024K)]
  0x00000297d5cd5510 JavaThread "Finalizer"                  daemon [_thread_blocked, id=27656, stack(0x000000a006000000,0x000000a006100000) (1024K)]
  0x00000297d5cd73e0 JavaThread "Signal Dispatcher"          daemon [_thread_blocked, id=6348, stack(0x000000a006100000,0x000000a006200000) (1024K)]
  0x00000297d5cd7a70 JavaThread "Attach Listener"            daemon [_thread_blocked, id=19676, stack(0x000000a006200000,0x000000a006300000) (1024K)]
  0x00000297d5cd94b0 JavaThread "Service Thread"             daemon [_thread_blocked, id=20644, stack(0x000000a006300000,0x000000a006400000) (1024K)]
  0x00000297d5cd9b40 JavaThread "Monitor Deflation Thread"   daemon [_thread_blocked, id=7884, stack(0x000000a006400000,0x000000a006500000) (1024K)]
=>0x00000297d5cdf080 JavaThread "C2 CompilerThread0"         daemon [_thread_in_native, id=25608, stack(0x000000a006500000,0x000000a006600000) (1024K)]
  0x00000297d5cf2310 JavaThread "C1 CompilerThread0"         daemon [_thread_blocked, id=18164, stack(0x000000a006600000,0x000000a006700000) (1024K)]
  0x00000297d5cd8790 JavaThread "StringDedupThread"          daemon [_thread_blocked, id=30520, stack(0x000000a006700000,0x000000a006800000) (1024K)]
  0x00000297d5cd8e20 JavaThread "Common-Cleaner"             daemon [_thread_blocked, id=3524, stack(0x000000a006800000,0x000000a006900000) (1024K)]
  0x00000297d5cda1d0 JavaThread "Notification Thread"        daemon [_thread_blocked, id=26756, stack(0x000000a006900000,0x000000a006a00000) (1024K)]
  0x00000297d5cd6d50 JavaThread "Active Thread: Equinox Container: d72ab232-27f3-4854-aad3-37c694630014"        [_thread_blocked, id=25140, stack(0x000000a007300000,0x000000a007400000) (1024K)]
  0x00000297d5cd8100 JavaThread "Refresh Thread: Equinox Container: d72ab232-27f3-4854-aad3-37c694630014" daemon [_thread_blocked, id=13716, stack(0x000000a007400000,0x000000a007500000) (1024K)]
  0x00000297d67ac280 JavaThread "Framework Event Dispatcher: Equinox Container: d72ab232-27f3-4854-aad3-37c694630014" daemon [_thread_blocked, id=10148, stack(0x000000a007500000,0x000000a007600000) (1024K)]
  0x00000297d67a9b20 JavaThread "Start Level: Equinox Container: d72ab232-27f3-4854-aad3-37c694630014" daemon [_thread_blocked, id=15164, stack(0x000000a007600000,0x000000a007700000) (1024K)]
  0x00000297d67abbf0 JavaThread "Bundle File Closer"         daemon [_thread_blocked, id=31100, stack(0x000000a007700000,0x000000a007800000) (1024K)]
  0x00000297d67a9490 JavaThread "SCR Component Actor"        daemon [_thread_blocked, id=17120, stack(0x000000a007800000,0x000000a007900000) (1024K)]
  0x00000297d67a8e00 JavaThread "Worker-JM"                         [_thread_blocked, id=13712, stack(0x000000a007900000,0x000000a007a00000) (1024K)]
  0x00000297d67ad630 JavaThread "JNA Cleaner"                daemon [_thread_blocked, id=24508, stack(0x000000a007a00000,0x000000a007b00000) (1024K)]
  0x00000297d67adcc0 JavaThread "Worker-0: Updating workspace"        [_thread_blocked, id=11516, stack(0x000000a007b00000,0x000000a007c00000) (1024K)]
  0x00000297d67acfa0 JavaThread "Worker-1: Java indexing... "        [_thread_blocked, id=28720, stack(0x000000a007c00000,0x000000a007d00000) (1024K)]
  0x00000297d67ac910 JavaThread "Worker-2: Building"                [_thread_blocked, id=16124, stack(0x000000a007d00000,0x000000a007e00000) (1024K)]
  0x00000297d67aa840 JavaThread "Java indexing"              daemon [_thread_blocked, id=18368, stack(0x000000a005400000,0x000000a005500000) (1024K)]
  0x00000297d67ab560 JavaThread "Worker-3"                          [_thread_blocked, id=29228, stack(0x000000a005600000,0x000000a005700000) (1024K)]
  0x00000297d67ae350 JavaThread "Worker-4"                          [_thread_blocked, id=4064, stack(0x000000a008000000,0x000000a008100000) (1024K)]
  0x00000297d67aaed0 JavaThread "Worker-5"                          [_thread_blocked, id=27860, stack(0x000000a008300000,0x000000a008400000) (1024K)]
  0x00000297d67ae9e0 JavaThread "Thread-1"                   daemon [_thread_in_native, id=28700, stack(0x000000a008400000,0x000000a008500000) (1024K)]
  0x00000297d67af070 JavaThread "Thread-2"                   daemon [_thread_in_native, id=12832, stack(0x000000a008500000,0x000000a008600000) (1024K)]
  0x00000297d67b0420 JavaThread "Thread-3"                   daemon [_thread_in_native, id=30476, stack(0x000000a008600000,0x000000a008700000) (1024K)]
  0x00000297d67af700 JavaThread "Thread-4"                   daemon [_thread_in_native, id=28008, stack(0x000000a008700000,0x000000a008800000) (1024K)]
  0x00000297d67afd90 JavaThread "Thread-5"                   daemon [_thread_in_native, id=28872, stack(0x000000a008800000,0x000000a008900000) (1024K)]
  0x000002981d3fe300 JavaThread "Thread-6"                   daemon [_thread_in_native, id=20924, stack(0x000000a008900000,0x000000a008a00000) (1024K)]
  0x000002981d4003d0 JavaThread "Thread-7"                   daemon [_thread_in_native, id=29552, stack(0x000000a008a00000,0x000000a008b00000) (1024K)]
  0x000002981d3ff6b0 JavaThread "Thread-8"                   daemon [_thread_in_native, id=17488, stack(0x000000a008b00000,0x000000a008c00000) (1024K)]
  0x000002981d3ff020 JavaThread "Thread-9"                   daemon [_thread_in_native, id=24524, stack(0x000000a008c00000,0x000000a008d00000) (1024K)]
  0x000002981d4010f0 JavaThread "Thread-10"                  daemon [_thread_in_native, id=10192, stack(0x000000a008d00000,0x000000a008e00000) (1024K)]
  0x000002981d3fe990 JavaThread "Thread-11"                  daemon [_thread_in_native, id=30176, stack(0x000000a008e00000,0x000000a008f00000) (1024K)]
  0x000002981d3ffd40 JavaThread "Thread-12"                  daemon [_thread_in_native, id=26844, stack(0x000000a008f00000,0x000000a009000000) (1024K)]
  0x000002981d400a60 JavaThread "Thread-13"                  daemon [_thread_in_native, id=26536, stack(0x000000a009000000,0x000000a009100000) (1024K)]
  0x000002981d3fdc70 JavaThread "pool-2-thread-1"                   [_thread_blocked, id=14344, stack(0x000000a009100000,0x000000a009200000) (1024K)]
  0x000002981d401e10 JavaThread "WorkspaceEventsHandler"            [_thread_blocked, id=12368, stack(0x000000a009200000,0x000000a009300000) (1024K)]
  0x000002981d4024a0 JavaThread "pool-1-thread-1"                   [_thread_blocked, id=1088, stack(0x000000a009300000,0x000000a009400000) (1024K)]
  0x000002981d402b30 JavaThread "LocalFile Deleter"          daemon [_thread_blocked, id=17588, stack(0x000000a009400000,0x000000a009500000) (1024K)]
  0x000002981d404570 JavaThread "LocalFile Deleter"          daemon [_thread_blocked, id=12492, stack(0x000000a009500000,0x000000a009600000) (1024K)]
  0x000002981d403ee0 JavaThread "LocalFile Deleter"          daemon [_thread_blocked, id=29424, stack(0x000000a009600000,0x000000a009700000) (1024K)]
  0x000002981d403850 JavaThread "LocalFile Deleter"          daemon [_thread_blocked, id=24612, stack(0x000000a009700000,0x000000a009800000) (1024K)]
  0x000002981d404c00 JavaThread "LocalFile Deleter"          daemon [_thread_blocked, id=21068, stack(0x000000a009800000,0x000000a009900000) (1024K)]
  0x000002981d401780 JavaThread "LocalFile Deleter"          daemon [_thread_blocked, id=26420, stack(0x000000a009900000,0x000000a009a00000) (1024K)]
  0x000002981d405290 JavaThread "LocalFile Deleter"          daemon [_thread_blocked, id=27212, stack(0x000000a009a00000,0x000000a009b00000) (1024K)]
  0x000002981f343910 JavaThread "LocalFile Deleter"          daemon [_thread_blocked, id=4812, stack(0x000000a009b00000,0x000000a009c00000) (1024K)]
  0x000002981f343fa0 JavaThread "LocalFile Deleter"          daemon [_thread_blocked, id=6428, stack(0x000000a009c00000,0x000000a009d00000) (1024K)]
  0x000002981f344630 JavaThread "LocalFile Deleter"          daemon [_thread_blocked, id=31676, stack(0x000000a009d00000,0x000000a009e00000) (1024K)]
  0x000002981f344cc0 JavaThread "LocalFile Deleter"          daemon [_thread_blocked, id=30424, stack(0x000000a009e00000,0x000000a009f00000) (1024K)]
  0x000002981f345350 JavaThread "LocalFile Deleter"          daemon [_thread_blocked, id=12656, stack(0x000000a009f00000,0x000000a00a000000) (1024K)]
  0x000002981f341ed0 JavaThread "Compiler Source File Reader" daemon [_thread_blocked, id=4920, stack(0x000000a00a000000,0x000000a00a100000) (1024K)]
  0x000002981f3459e0 JavaThread "Compiler Source File Reader" daemon [_thread_blocked, id=26224, stack(0x000000a00a100000,0x000000a00a200000) (1024K)]
  0x000002981f342560 JavaThread "Compiler Source File Reader" daemon [_thread_blocked, id=30624, stack(0x000000a00a200000,0x000000a00a300000) (1024K)]
  0x000002981f343280 JavaThread "Compiler Source File Reader" daemon [_thread_blocked, id=9692, stack(0x000000a00a300000,0x000000a00a400000) (1024K)]
  0x000002981f346070 JavaThread "Compiler Source File Reader" daemon [_thread_blocked, id=28236, stack(0x000000a00a400000,0x000000a00a500000) (1024K)]
  0x000002981f342bf0 JavaThread "Compiler Source File Reader" daemon [_thread_blocked, id=29232, stack(0x000000a00a500000,0x000000a00a600000) (1024K)]
  0x000002981f346700 JavaThread "Compiler Source File Reader" daemon [_thread_blocked, id=10540, stack(0x000000a00a600000,0x000000a00a700000) (1024K)]
  0x000002981f346d90 JavaThread "Compiler Source File Reader" daemon [_thread_blocked, id=29368, stack(0x000000a00a700000,0x000000a00a800000) (1024K)]
  0x000002981f348140 JavaThread "Compiler Source File Reader" daemon [_thread_blocked, id=1052, stack(0x000000a00a800000,0x000000a00a900000) (1024K)]
  0x000002981f347420 JavaThread "Compiler Source File Reader" daemon [_thread_blocked, id=7800, stack(0x000000a00a900000,0x000000a00aa00000) (1024K)]
Total: 65

Other Threads:
  0x00000297d5cb2190 VMThread "VM Thread"                           [id=31416, stack(0x000000a005e00000,0x000000a005f00000) (1024K)]
  0x00000297d5c9ba30 WatcherThread "VM Periodic Task Thread"        [id=11528, stack(0x000000a005d00000,0x000000a005e00000) (1024K)]
  0x00000297bc20e430 WorkerThread "GC Thread#0"                     [id=31336, stack(0x000000a005800000,0x000000a005900000) (1024K)]
  0x00000297d68329d0 WorkerThread "GC Thread#1"                     [id=27608, stack(0x000000a006a00000,0x000000a006b00000) (1024K)]
  0x00000297d6833130 WorkerThread "GC Thread#2"                     [id=24152, stack(0x000000a006b00000,0x000000a006c00000) (1024K)]
  0x00000297d6833890 WorkerThread "GC Thread#3"                     [id=25836, stack(0x000000a006c00000,0x000000a006d00000) (1024K)]
  0x00000297d6833c40 WorkerThread "GC Thread#4"                     [id=13868, stack(0x000000a006d00000,0x000000a006e00000) (1024K)]
  0x00000297d6832d80 WorkerThread "GC Thread#5"                     [id=23064, stack(0x000000a006e00000,0x000000a006f00000) (1024K)]
  0x00000297d68334e0 WorkerThread "GC Thread#6"                     [id=29620, stack(0x000000a006f00000,0x000000a007000000) (1024K)]
  0x00000297d6927c00 WorkerThread "GC Thread#7"                     [id=13676, stack(0x000000a007000000,0x000000a007100000) (1024K)]
  0x00000297d6924fc0 WorkerThread "GC Thread#8"                     [id=30012, stack(0x000000a007100000,0x000000a007200000) (1024K)]
  0x00000297d6926230 WorkerThread "GC Thread#9"                     [id=25256, stack(0x000000a007200000,0x000000a007300000) (1024K)]
  0x00000297bc220950 ConcurrentGCThread "G1 Main Marker"            [id=1048, stack(0x000000a005900000,0x000000a005a00000) (1024K)]
  0x00000297bc222a30 WorkerThread "G1 Conc#0"                       [id=12608, stack(0x000000a005a00000,0x000000a005b00000) (1024K)]
  0x00000297d6925370 WorkerThread "G1 Conc#1"                       [id=31312, stack(0x000000a007e00000,0x000000a007f00000) (1024K)]
  0x00000297d69265e0 WorkerThread "G1 Conc#2"                       [id=28044, stack(0x000000a007f00000,0x000000a008000000) (1024K)]
  0x00000297bc25e060 ConcurrentGCThread "G1 Refine#0"               [id=1908, stack(0x000000a005b00000,0x000000a005c00000) (1024K)]
  0x00000297bc25e990 ConcurrentGCThread "G1 Service"                [id=30336, stack(0x000000a005c00000,0x000000a005d00000) (1024K)]
Total: 18

Threads with active compile tasks:
C2 CompilerThread0  65905 7696 %     4       org.eclipse.jdt.internal.core.search.indexing.BinaryIndexer::extractReferenceFromConstantPool @ 15 (358 bytes)
Total: 1

VM state: at safepoint (normal execution)

VM Mutex/Monitor currently owned by a thread:  ([mutex/lock_event])
[0x00007fff4ef2cff0] FreeList_lock - owner thread: 0x00000297d6926230
[0x00007fff4ef2f570] Threads_lock - owner thread: 0x00000297d5cb2190
[0x00007fff4ef2f670] Heap_lock - owner thread: 0x00000297d67aaed0

Heap address: 0x0000000700000000, size: 4096 MB, Compressed Oops mode: Zero based, Oop shift amount: 3

CDS archive(s) mapped at: [0x00000297d7000000-0x00000297d7ba0000-0x00000297d7ba0000), size 12189696, SharedBaseAddress: 0x00000297d7000000, ArchiveRelocationMode: 1.
Compressed class space mapped at: 0x00000297d8000000-0x0000029818000000, reserved size: 1073741824
Narrow klass base: 0x00000297d7000000, Narrow klass shift: 0, Narrow klass range: 0x100000000

GC Precious Log:
 CardTable entry size: 512
 Card Set container configuration: InlinePtr #cards 4 size 8 Array Of Cards #cards 16 size 48 Howl #buckets 8 coarsen threshold 3686 Howl Bitmap #cards 512 size 80 coarsen threshold 460 Card regions per heap region 1 cards per card region 4096
 CPUs: 12 total, 12 available
 Memory: 7381M
 Large Page Support: Disabled
 NUMA Support: Disabled
 Compressed Oops: Enabled (Zero based)
 Heap Region Size: 2M
 Heap Min Capacity: 8M
 Heap Initial Capacity: 116M
 Heap Max Capacity: 4G
 Pre-touch: Disabled
 Parallel Workers: 10
 Concurrent Workers: 3
 Concurrent Refinement Workers: 10
 Periodic GC: Disabled
 String Deduplication is enabled

Heap:
 garbage-first heap   total 139264K, used 118294K [0x0000000700000000, 0x0000000800000000)
  region size 2048K, 30 young (61440K), 4 survivors (8192K)
 Metaspace       used 53426K, committed 54784K, reserved 1114112K
  class space    used 5822K, committed 6400K, reserved 1048576K

Heap Regions: E=young(eden), S=young(survivor), O=old, HS=humongous(starts), HC=humongous(continues), CS=collection set, F=free, TAMS=top-at-mark-start, PB=parsable bottom
|   0|0x0000000700000000, 0x0000000700200000, 0x0000000700200000|100%| O|  |TAMS 0x0000000700000000| PB 0x0000000700000000| Untracked 
|   1|0x0000000700200000, 0x0000000700400000, 0x0000000700400000|100%| O|  |TAMS 0x0000000700200000| PB 0x0000000700200000| Untracked 
|   2|0x0000000700400000, 0x0000000700600000, 0x0000000700600000|100%| O|  |TAMS 0x0000000700400000| PB 0x0000000700400000| Untracked 
|   3|0x0000000700600000, 0x0000000700800000, 0x0000000700800000|100%| O|CS|TAMS 0x0000000700600000| PB 0x0000000700600000| Complete 
|   4|0x0000000700800000, 0x0000000700a00000, 0x0000000700a00000|100%| O|  |TAMS 0x0000000700800000| PB 0x0000000700800000| Untracked 
|   5|0x0000000700a00000, 0x0000000700c00000, 0x0000000700c00000|100%| O|  |TAMS 0x0000000700a00000| PB 0x0000000700a00000| Untracked 
|   6|0x0000000700c00000, 0x0000000700e00000, 0x0000000700e00000|100%| O|  |TAMS 0x0000000700c00000| PB 0x0000000700c00000| Untracked 
|   7|0x0000000700e00000, 0x0000000701000000, 0x0000000701000000|100%| O|  |TAMS 0x0000000700e00000| PB 0x0000000700e00000| Untracked 
|   8|0x0000000701000000, 0x0000000701200000, 0x0000000701200000|100%| O|  |TAMS 0x0000000701000000| PB 0x0000000701000000| Untracked 
|   9|0x0000000701200000, 0x0000000701400000, 0x0000000701400000|100%| O|  |TAMS 0x0000000701200000| PB 0x0000000701200000| Untracked 
|  10|0x0000000701400000, 0x0000000701600000, 0x0000000701600000|100%| O|  |TAMS 0x0000000701400000| PB 0x0000000701400000| Untracked 
|  11|0x0000000701600000, 0x0000000701800000, 0x0000000701800000|100%| O|  |TAMS 0x0000000701600000| PB 0x0000000701600000| Untracked 
|  12|0x0000000701800000, 0x0000000701a00000, 0x0000000701a00000|100%| O|  |TAMS 0x0000000701800000| PB 0x0000000701800000| Untracked 
|  13|0x0000000701a00000, 0x0000000701c00000, 0x0000000701c00000|100%| O|  |TAMS 0x0000000701a00000| PB 0x0000000701a00000| Untracked 
|  14|0x0000000701c00000, 0x0000000701e00000, 0x0000000701e00000|100%| O|  |TAMS 0x0000000701c00000| PB 0x0000000701c00000| Untracked 
|  15|0x0000000701e00000, 0x0000000702000000, 0x0000000702000000|100%| O|  |TAMS 0x0000000701e00000| PB 0x0000000701e00000| Untracked 
|  16|0x0000000702000000, 0x0000000702200000, 0x0000000702200000|100%| O|  |TAMS 0x0000000702000000| PB 0x0000000702000000| Untracked 
|  17|0x0000000702200000, 0x0000000702400000, 0x0000000702400000|100%| O|  |TAMS 0x0000000702200000| PB 0x0000000702200000| Untracked 
|  18|0x0000000702400000, 0x0000000702600000, 0x0000000702600000|100%| O|  |TAMS 0x0000000702400000| PB 0x0000000702400000| Untracked 
|  19|0x0000000702600000, 0x0000000702800000, 0x0000000702800000|100%| O|  |TAMS 0x0000000702600000| PB 0x0000000702600000| Untracked 
|  20|0x0000000702800000, 0x0000000702a00000, 0x0000000702a00000|100%| O|  |TAMS 0x0000000702800000| PB 0x0000000702800000| Untracked 
|  21|0x0000000702a00000, 0x0000000702c00000, 0x0000000702c00000|100%| O|  |TAMS 0x0000000702a00000| PB 0x0000000702a00000| Untracked 
|  22|0x0000000702c00000, 0x0000000702e00000, 0x0000000702e00000|100%| O|  |TAMS 0x0000000702c00000| PB 0x0000000702c00000| Untracked 
|  23|0x0000000702e00000, 0x0000000703000000, 0x0000000703000000|100%| O|  |TAMS 0x0000000702e00000| PB 0x0000000702e00000| Untracked 
|  24|0x0000000703000000, 0x0000000703200000, 0x0000000703200000|100%| O|  |TAMS 0x0000000703000000| PB 0x0000000703000000| Untracked 
|  25|0x0000000703200000, 0x0000000703400000, 0x0000000703400000|100%| O|  |TAMS 0x0000000703200000| PB 0x0000000703200000| Untracked 
|  26|0x0000000703400000, 0x0000000703600000, 0x0000000703600000|100%| O|  |TAMS 0x0000000703400000| PB 0x0000000703400000| Untracked 
|  27|0x0000000703600000, 0x0000000703800000, 0x0000000703800000|100%| O|  |TAMS 0x0000000703600000| PB 0x0000000703600000| Untracked 
|  28|0x0000000703800000, 0x0000000703a00000, 0x0000000703a00000|100%| O|  |TAMS 0x0000000703800000| PB 0x0000000703800000| Untracked 
|  29|0x0000000703a00000, 0x0000000703c00000, 0x0000000703c00000|100%| O|  |TAMS 0x0000000703a00000| PB 0x0000000703a00000| Untracked 
|  30|0x0000000703c00000, 0x0000000703e00000, 0x0000000703e00000|100%| O|  |TAMS 0x0000000703c00000| PB 0x0000000703c00000| Untracked 
|  31|0x0000000703e00000, 0x0000000704000000, 0x0000000704000000|100%| E|CS|TAMS 0x0000000703e00000| PB 0x0000000703e00000| Complete 
|  32|0x0000000704000000, 0x0000000704200000, 0x0000000704200000|100%| E|CS|TAMS 0x0000000704000000| PB 0x0000000704000000| Complete 
|  33|0x0000000704200000, 0x0000000704400000, 0x0000000704400000|100%| E|CS|TAMS 0x0000000704200000| PB 0x0000000704200000| Complete 
|  34|0x0000000704400000, 0x0000000704600000, 0x0000000704600000|100%| E|CS|TAMS 0x0000000704400000| PB 0x0000000704400000| Complete 
|  35|0x0000000704600000, 0x0000000704800000, 0x0000000704800000|100%| E|CS|TAMS 0x0000000704600000| PB 0x0000000704600000| Complete 
|  36|0x0000000704800000, 0x0000000704a00000, 0x0000000704a00000|100%| O|  |TAMS 0x0000000704800000| PB 0x0000000704800000| Untracked 
|  37|0x0000000704a00000, 0x0000000704c00000, 0x0000000704c00000|100%| S|  |TAMS 0x0000000704a00000| PB 0x0000000704a00000| Complete 
|  38|0x0000000704c00000, 0x0000000704e00000, 0x0000000704e00000|100%| S|  |TAMS 0x0000000704c00000| PB 0x0000000704c00000| Complete 
|  39|0x0000000704e00000, 0x0000000705000000, 0x0000000705000000|100%| S|  |TAMS 0x0000000704e00000| PB 0x0000000704e00000| Complete 
|  40|0x0000000705000000, 0x0000000705200000, 0x0000000705200000|100%| S|  |TAMS 0x0000000705000000| PB 0x0000000705000000| Complete 
|  41|0x0000000705200000, 0x0000000705400000, 0x0000000705400000|100%| E|CS|TAMS 0x0000000705200000| PB 0x0000000705200000| Complete 
|  42|0x0000000705400000, 0x0000000705600000, 0x0000000705600000|100%| E|CS|TAMS 0x0000000705400000| PB 0x0000000705400000| Complete 
|  43|0x0000000705600000, 0x0000000705800000, 0x0000000705800000|100%| E|CS|TAMS 0x0000000705600000| PB 0x0000000705600000| Complete 
|  44|0x0000000705800000, 0x0000000705a00000, 0x0000000705a00000|100%| E|CS|TAMS 0x0000000705800000| PB 0x0000000705800000| Complete 
|  45|0x0000000705a00000, 0x0000000705c00000, 0x0000000705c00000|100%| E|CS|TAMS 0x0000000705a00000| PB 0x0000000705a00000| Complete 
|  46|0x0000000705c00000, 0x0000000705e00000, 0x0000000705e00000|100%| E|CS|TAMS 0x0000000705c00000| PB 0x0000000705c00000| Complete 
|  47|0x0000000705e00000, 0x0000000706000000, 0x0000000706000000|100%| E|CS|TAMS 0x0000000705e00000| PB 0x0000000705e00000| Complete 
|  48|0x0000000706000000, 0x0000000706200000, 0x0000000706200000|100%| E|CS|TAMS 0x0000000706000000| PB 0x0000000706000000| Complete 
|  49|0x0000000706200000, 0x0000000706400000, 0x0000000706400000|100%| E|CS|TAMS 0x0000000706200000| PB 0x0000000706200000| Complete 
|  50|0x0000000706400000, 0x0000000706600000, 0x0000000706600000|100%| E|CS|TAMS 0x0000000706400000| PB 0x0000000706400000| Complete 
|  51|0x0000000706600000, 0x0000000706800000, 0x0000000706800000|100%| E|CS|TAMS 0x0000000706600000| PB 0x0000000706600000| Complete 
|  52|0x0000000706800000, 0x0000000706a00000, 0x0000000706a00000|100%| E|CS|TAMS 0x0000000706800000| PB 0x0000000706800000| Complete 
|  53|0x0000000706a00000, 0x0000000706c00000, 0x0000000706c00000|100%| E|CS|TAMS 0x0000000706a00000| PB 0x0000000706a00000| Complete 
|  54|0x0000000706c00000, 0x0000000706e00000, 0x0000000706e00000|100%| E|CS|TAMS 0x0000000706c00000| PB 0x0000000706c00000| Complete 
|  55|0x0000000706e00000, 0x0000000707000000, 0x0000000707000000|100%| E|CS|TAMS 0x0000000706e00000| PB 0x0000000706e00000| Complete 
|  56|0x0000000707000000, 0x0000000707200000, 0x0000000707200000|100%| E|CS|TAMS 0x0000000707000000| PB 0x0000000707000000| Complete 
|  57|0x0000000707200000, 0x0000000707400000, 0x0000000707400000|100%| E|CS|TAMS 0x0000000707200000| PB 0x0000000707200000| Complete 
|  58|0x0000000707400000, 0x0000000707600000, 0x0000000707600000|100%| E|CS|TAMS 0x0000000707400000| PB 0x0000000707400000| Complete 
|  59|0x0000000707600000, 0x0000000707800000, 0x0000000707800000|100%| E|CS|TAMS 0x0000000707600000| PB 0x0000000707600000| Complete 
|  60|0x0000000707800000, 0x0000000707a00000, 0x0000000707a00000|100%| E|CS|TAMS 0x0000000707800000| PB 0x0000000707800000| Complete 
|  61|0x0000000707a00000, 0x0000000707c00000, 0x0000000707c00000|100%| E|CS|TAMS 0x0000000707a00000| PB 0x0000000707a00000| Complete 
|  62|0x0000000707c00000, 0x0000000707e00000, 0x0000000707e00000|100%| E|CS|TAMS 0x0000000707c00000| PB 0x0000000707c00000| Complete 
|  63|0x0000000707e00000, 0x0000000708000000, 0x0000000708000000|100%| E|CS|TAMS 0x0000000707e00000| PB 0x0000000707e00000| Complete 
|  64|0x0000000708000000, 0x0000000708200000, 0x0000000708200000|100%| E|CS|TAMS 0x0000000708000000| PB 0x0000000708000000| Complete 
|  65|0x0000000708200000, 0x0000000708400000, 0x0000000708400000|100%| E|CS|TAMS 0x0000000708200000| PB 0x0000000708200000| Complete 
|2046|0x00000007ffc00000, 0x00000007ffe00000, 0x00000007ffe00000|100%| E|CS|TAMS 0x00000007ffc00000| PB 0x00000007ffc00000| Complete 
|2047|0x00000007ffe00000, 0x0000000800000000, 0x0000000800000000|100%| O|CS|TAMS 0x00000007ffe00000| PB 0x00000007ffe00000| Complete 

Card table byte_map: [0x00000297cf0f0000,0x00000297cf8f0000] _byte_map_base: 0x00000297cb8f0000

Marking Bits: (CMBitMap*) 0x00000297bc20ea50
 Bits: [0x00000297cf8f0000, 0x00000297d38f0000)

Polling page: 0x00000297b9fc0000

Metaspace:

Usage:
  Non-class:     46.49 MB used.
      Class:      5.69 MB used.
       Both:     52.17 MB used.

Virtual space:
  Non-class space:       64.00 MB reserved,      47.25 MB ( 74%) committed,  1 nodes.
      Class space:        1.00 GB reserved,       6.25 MB ( <1%) committed,  1 nodes.
             Both:        1.06 GB reserved,      53.50 MB (  5%) committed. 

Chunk freelists:
   Non-Class:  480.00 KB
       Class:  9.72 MB
        Both:  10.19 MB

MaxMetaspaceSize: unlimited
CompressedClassSpaceSize: 1.00 GB
Initial GC threshold: 21.00 MB
Current GC threshold: 86.81 MB
CDS: on
 - commit_granule_bytes: 65536.
 - commit_granule_words: 8192.
 - virtual_space_node_default_size: 8388608.
 - enlarge_chunks_in_place: 1.
 - use_allocation_guard: 0.


Internal statistics:

num_allocs_failed_limit: 6.
num_arena_births: 1062.
num_arena_deaths: 14.
num_vsnodes_births: 2.
num_vsnodes_deaths: 0.
num_space_committed: 856.
num_space_uncommitted: 0.
num_chunks_returned_to_freelist: 20.
num_chunks_taken_from_freelist: 3657.
num_chunk_merges: 8.
num_chunk_splits: 2175.
num_chunks_enlarged: 1091.
num_inconsistent_stats: 0.

CodeHeap 'non-profiled nmethods': size=120000Kb used=2530Kb max_used=2530Kb free=117470Kb
 bounds [0x00000297c6e70000, 0x00000297c70f0000, 0x00000297ce3a0000]
CodeHeap 'profiled nmethods': size=120000Kb used=14402Kb max_used=14402Kb free=105597Kb
 bounds [0x00000297bf3a0000, 0x00000297c01c0000, 0x00000297c68d0000]
CodeHeap 'non-nmethods': size=5760Kb used=1564Kb max_used=1582Kb free=4195Kb
 bounds [0x00000297c68d0000, 0x00000297c6b40000, 0x00000297c6e70000]
CodeCache: size=245760Kb, used=18496Kb, max_used=18514Kb, free=227262Kb
 total_blobs=7671, nmethods=6958, adapters=617, full_count=0
Compilation: enabled, stopped_count=0, restarted_count=0

Compilation events (20 events):
Event: 64.681 Thread 0x00000297d5cf2310 7816   !   2       java.util.regex.Pattern::RemoveQEQuoting (370 bytes)
Event: 64.682 Thread 0x00000297d5cf2310 nmethod 7816 0x00000297c01ab810 code [0x00000297c01aba60, 0x00000297c01ac4e0]
Event: 64.682 Thread 0x00000297d5cf2310 7819       2       java.util.regex.Pattern$Node::study (21 bytes)
Event: 64.683 Thread 0x00000297d5cf2310 nmethod 7819 0x00000297bf8b1290 code [0x00000297bf8b1440, 0x00000297bf8b15b8]
Event: 64.683 Thread 0x00000297d5cf2310 7817       1       jdk.internal.event.ThreadSleepEvent::isEnabled (2 bytes)
Event: 64.683 Thread 0x00000297d5cf2310 nmethod 7817 0x00000297c7062b10 code [0x00000297c7062ca0, 0x00000297c7062d68]
Event: 64.699 Thread 0x00000297d5cf2310 7821       2       org.eclipse.jdt.core.Signature::encodeTypeSignature (913 bytes)
Event: 64.702 Thread 0x00000297d5cf2310 nmethod 7821 0x00000297c01aca90 code [0x00000297c01ad040, 0x00000297c01ae9f8]
Event: 64.702 Thread 0x00000297d5cf2310 7822       2       org.eclipse.jdt.core.Signature::createCharArrayTypeSignature (102 bytes)
Event: 64.703 Thread 0x00000297d5cf2310 nmethod 7822 0x00000297c01afa90 code [0x00000297c01afce0, 0x00000297c01b04b0]
Event: 64.703 Thread 0x00000297d5cf2310 7823       3       java.lang.Integer::toString (55 bytes)
Event: 64.703 Thread 0x00000297d5cf2310 nmethod 7823 0x00000297bf8b0910 code [0x00000297bf8b0ae0, 0x00000297bf8b0e68]
Event: 64.815 Thread 0x00000297d5cf2310 7824       2       org.eclipse.jdt.internal.core.search.indexing.AbstractIndexer::addInterfaceDeclaration (86 bytes)
Event: 64.825 Thread 0x00000297d5cf2310 nmethod 7824 0x00000297c01b0910 code [0x00000297c01b0b60, 0x00000297c01b1138]
Event: 64.833 Thread 0x00000297d5cf2310 7826       2       org.eclipse.jdt.ls.core.internal.JobHelpers$InitializeJobMatcher::matches (7 bytes)
Event: 64.833 Thread 0x00000297d5cf2310 nmethod 7826 0x00000297c01b1710 code [0x00000297c01b18c0, 0x00000297c01b1a08]
Event: 64.874 Thread 0x00000297d5cf2310 7827       1       org.eclipse.core.internal.jobs.InternalJob::setWaitQueueStamp (6 bytes)
Event: 64.874 Thread 0x00000297d5cf2310 nmethod 7827 0x00000297c70e8510 code [0x00000297c70e86a0, 0x00000297c70e8768]
Event: 64.875 Thread 0x00000297d5cf2310 7828       2       java.lang.Long::formatUnsignedLong0 (47 bytes)
Event: 64.875 Thread 0x00000297d5cf2310 nmethod 7828 0x00000297c01b1a90 code [0x00000297c01b1c40, 0x00000297c01b1e18]

GC Heap History (20 events):
Event: 61.906 GC heap after
{Heap after GC invocations=11 (full 0):
 garbage-first heap   total 79872K, used 23562K [0x0000000700000000, 0x0000000800000000)
  region size 2048K, 2 young (4096K), 2 survivors (4096K)
 Metaspace       used 38569K, committed 39808K, reserved 1114112K
  class space    used 4061K, committed 4608K, reserved 1048576K
}
Event: 62.152 GC heap before
{Heap before GC invocations=11 (full 0):
 garbage-first heap   total 79872K, used 66570K [0x0000000700000000, 0x0000000800000000)
  region size 2048K, 23 young (47104K), 2 survivors (4096K)
 Metaspace       used 41459K, committed 42752K, reserved 1114112K
  class space    used 4386K, committed 4928K, reserved 1048576K
}
Event: 62.159 GC heap after
{Heap after GC invocations=12 (full 0):
 garbage-first heap   total 79872K, used 26819K [0x0000000700000000, 0x0000000800000000)
  region size 2048K, 3 young (6144K), 3 survivors (6144K)
 Metaspace       used 41459K, committed 42752K, reserved 1114112K
  class space    used 4386K, committed 4928K, reserved 1048576K
}
Event: 62.359 GC heap before
{Heap before GC invocations=12 (full 0):
 garbage-first heap   total 79872K, used 65731K [0x0000000700000000, 0x0000000800000000)
  region size 2048K, 23 young (47104K), 3 survivors (6144K)
 Metaspace       used 43298K, committed 44544K, reserved 1114112K
  class space    used 4615K, committed 5120K, reserved 1048576K
}
Event: 62.365 GC heap after
{Heap after GC invocations=13 (full 0):
 garbage-first heap   total 79872K, used 30155K [0x0000000700000000, 0x0000000800000000)
  region size 2048K, 2 young (4096K), 2 survivors (4096K)
 Metaspace       used 43298K, committed 44544K, reserved 1114112K
  class space    used 4615K, committed 5120K, reserved 1048576K
}
Event: 62.497 GC heap before
{Heap before GC invocations=13 (full 0):
 garbage-first heap   total 79872K, used 69067K [0x0000000700000000, 0x0000000800000000)
  region size 2048K, 21 young (43008K), 2 survivors (4096K)
 Metaspace       used 44486K, committed 45760K, reserved 1114112K
  class space    used 4763K, committed 5312K, reserved 1048576K
}
Event: 62.503 GC heap after
{Heap after GC invocations=14 (full 0):
 garbage-first heap   total 79872K, used 33583K [0x0000000700000000, 0x0000000800000000)
  region size 2048K, 2 young (4096K), 2 survivors (4096K)
 Metaspace       used 44486K, committed 45760K, reserved 1114112K
  class space    used 4763K, committed 5312K, reserved 1048576K
}
Event: 62.592 GC heap before
{Heap before GC invocations=14 (full 0):
 garbage-first heap   total 79872K, used 66351K [0x0000000700000000, 0x0000000800000000)
  region size 2048K, 19 young (38912K), 2 survivors (4096K)
 Metaspace       used 45701K, committed 47040K, reserved 1114112K
  class space    used 4923K, committed 5504K, reserved 1048576K
}
Event: 62.596 GC heap after
{Heap after GC invocations=15 (full 0):
 garbage-first heap   total 102400K, used 36554K [0x0000000700000000, 0x0000000800000000)
  region size 2048K, 2 young (4096K), 2 survivors (4096K)
 Metaspace       used 45701K, committed 47040K, reserved 1114112K
  class space    used 4923K, committed 5504K, reserved 1048576K
}
Event: 62.781 GC heap before
{Heap before GC invocations=15 (full 0):
 garbage-first heap   total 102400K, used 85706K [0x0000000700000000, 0x0000000800000000)
  region size 2048K, 27 young (55296K), 2 survivors (4096K)
 Metaspace       used 47191K, committed 48576K, reserved 1114112K
  class space    used 5105K, committed 5696K, reserved 1048576K
}
Event: 62.786 GC heap after
{Heap after GC invocations=16 (full 0):
 garbage-first heap   total 102400K, used 40851K [0x0000000700000000, 0x0000000800000000)
  region size 2048K, 4 young (8192K), 4 survivors (8192K)
 Metaspace       used 47191K, committed 48576K, reserved 1114112K
  class space    used 5105K, committed 5696K, reserved 1048576K
}
Event: 62.952 GC heap before
{Heap before GC invocations=16 (full 0):
 garbage-first heap   total 102400K, used 87955K [0x0000000700000000, 0x0000000800000000)
  region size 2048K, 27 young (55296K), 4 survivors (8192K)
 Metaspace       used 48269K, committed 49600K, reserved 1114112K
  class space    used 5250K, committed 5824K, reserved 1048576K
}
Event: 62.961 GC heap after
{Heap after GC invocations=17 (full 0):
 garbage-first heap   total 104448K, used 47666K [0x0000000700000000, 0x0000000800000000)
  region size 2048K, 4 young (8192K), 4 survivors (8192K)
 Metaspace       used 48269K, committed 49600K, reserved 1114112K
  class space    used 5250K, committed 5824K, reserved 1048576K
}
Event: 63.344 GC heap before
{Heap before GC invocations=17 (full 0):
 garbage-first heap   total 104448K, used 88626K [0x0000000700000000, 0x0000000800000000)
  region size 2048K, 25 young (51200K), 4 survivors (8192K)
 Metaspace       used 50983K, committed 52224K, reserved 1114112K
  class space    used 5544K, committed 6080K, reserved 1048576K
}
Event: 63.349 GC heap after
{Heap after GC invocations=18 (full 0):
 garbage-first heap   total 104448K, used 48108K [0x0000000700000000, 0x0000000800000000)
  region size 2048K, 2 young (4096K), 2 survivors (4096K)
 Metaspace       used 50983K, committed 52224K, reserved 1114112K
  class space    used 5544K, committed 6080K, reserved 1048576K
}
Event: 63.742 GC heap before
{Heap before GC invocations=18 (full 0):
 garbage-first heap   total 104448K, used 87020K [0x0000000700000000, 0x0000000800000000)
  region size 2048K, 22 young (45056K), 2 survivors (4096K)
 Metaspace       used 51979K, committed 53248K, reserved 1114112K
  class space    used 5676K, committed 6208K, reserved 1048576K
}
Event: 63.749 GC heap after
{Heap after GC invocations=19 (full 0):
 garbage-first heap   total 139264K, used 54631K [0x0000000700000000, 0x0000000800000000)
  region size 2048K, 3 young (6144K), 3 survivors (6144K)
 Metaspace       used 51979K, committed 53248K, reserved 1114112K
  class space    used 5676K, committed 6208K, reserved 1048576K
}
Event: 64.242 GC heap before
{Heap before GC invocations=20 (full 0):
 garbage-first heap   total 139264K, used 116071K [0x0000000700000000, 0x0000000800000000)
  region size 2048K, 34 young (69632K), 3 survivors (6144K)
 Metaspace       used 52611K, committed 53952K, reserved 1114112K
  class space    used 5748K, committed 6272K, reserved 1048576K
}
Event: 64.249 GC heap after
{Heap after GC invocations=21 (full 0):
 garbage-first heap   total 139264K, used 65046K [0x0000000700000000, 0x0000000800000000)
  region size 2048K, 5 young (10240K), 5 survivors (10240K)
 Metaspace       used 52611K, committed 53952K, reserved 1114112K
  class space    used 5748K, committed 6272K, reserved 1048576K
}
Event: 64.880 GC heap before
{Heap before GC invocations=21 (full 0):
 garbage-first heap   total 139264K, used 116246K [0x0000000700000000, 0x0000000800000000)
  region size 2048K, 31 young (63488K), 5 survivors (10240K)
 Metaspace       used 53426K, committed 54784K, reserved 1114112K
  class space    used 5822K, committed 6400K, reserved 1048576K
}

Dll operation events (10 events):
Event: 0.080 Loaded shared library c:\Users\rudra\.vscode\extensions\redhat.java-1.55.0-win32-x64\jre\21.0.11-win32-x86_64\bin\java.dll
Event: 0.213 Loaded shared library c:\Users\rudra\.vscode\extensions\redhat.java-1.55.0-win32-x64\jre\21.0.11-win32-x86_64\bin\zip.dll
Event: 0.262 Loaded shared library C:\Users\rudra\.vscode\extensions\redhat.java-1.55.0-win32-x64\jre\21.0.11-win32-x86_64\bin\instrument.dll
Event: 0.286 Loaded shared library C:\Users\rudra\.vscode\extensions\redhat.java-1.55.0-win32-x64\jre\21.0.11-win32-x86_64\bin\net.dll
Event: 0.330 Loaded shared library C:\Users\rudra\.vscode\extensions\redhat.java-1.55.0-win32-x64\jre\21.0.11-win32-x86_64\bin\nio.dll
Event: 0.341 Loaded shared library C:\Users\rudra\.vscode\extensions\redhat.java-1.55.0-win32-x64\jre\21.0.11-win32-x86_64\bin\zip.dll
Event: 0.392 Loaded shared library C:\Users\rudra\.vscode\extensions\redhat.java-1.55.0-win32-x64\jre\21.0.11-win32-x86_64\bin\jimage.dll
Event: 0.561 Loaded shared library c:\Users\rudra\.vscode\extensions\redhat.java-1.55.0-win32-x64\jre\21.0.11-win32-x86_64\bin\verify.dll
Event: 24.356 Loaded shared library C:\Users\rudra\AppData\Roaming\Code\User\globalStorage\redhat.java\1.55.0\config_win\org.eclipse.equinox.launcher\org.eclipse.equinox.launcher.win32.win32.x86_64_1.3.100.v20260613-0559\eclipse_11924.dll
Event: 58.781 Loaded shared library C:\Users\rudra\AppData\Local\Temp\jna-108866672\jna6379731277758249134.dll

Deoptimization events (20 events):
Event: 64.420 Thread 0x00000297d67aa840 DEOPT PACKING pc=0x00000297bf447888 sp=0x000000a0054fe460
Event: 64.421 Thread 0x00000297d67aa840 DEOPT UNPACKING pc=0x00000297c6924bc2 sp=0x000000a0054fd948 mode 0
Event: 64.451 Thread 0x00000297d67ac910 DEOPT PACKING pc=0x00000297bf447888 sp=0x000000a007dfbb50
Event: 64.451 Thread 0x00000297d67ac910 DEOPT UNPACKING pc=0x00000297c6924bc2 sp=0x000000a007dfb038 mode 0
Event: 64.484 Thread 0x00000297d67aa840 DEOPT PACKING pc=0x00000297bf447888 sp=0x000000a0054fe460
Event: 64.484 Thread 0x00000297d67aa840 DEOPT UNPACKING pc=0x00000297c6924bc2 sp=0x000000a0054fd948 mode 0
Event: 64.496 Thread 0x00000297d67ac910 DEOPT PACKING pc=0x00000297bf4e7fc9 sp=0x000000a007dfc8d0
Event: 64.496 Thread 0x00000297d67ac910 DEOPT UNPACKING pc=0x00000297c6924bc2 sp=0x000000a007dfbdd0 mode 0
Event: 64.522 Thread 0x00000297d67ac910 DEOPT PACKING pc=0x00000297bf447888 sp=0x000000a007dfc280
Event: 64.522 Thread 0x00000297d67ac910 DEOPT UNPACKING pc=0x00000297c6924bc2 sp=0x000000a007dfb768 mode 0
Event: 64.673 Thread 0x00000297d67aa840 DEOPT PACKING pc=0x00000297bf447888 sp=0x000000a0054fe460
Event: 64.673 Thread 0x00000297d67aa840 DEOPT UNPACKING pc=0x00000297c6924bc2 sp=0x000000a0054fd948 mode 0
Event: 64.702 Thread 0x00000297d67aa840 DEOPT PACKING pc=0x00000297bf447888 sp=0x000000a0054fe460
Event: 64.702 Thread 0x00000297d67aa840 DEOPT UNPACKING pc=0x00000297c6924bc2 sp=0x000000a0054fd948 mode 0
Event: 64.792 Thread 0x00000297d67aa840 DEOPT PACKING pc=0x00000297bf447888 sp=0x000000a0054fe460
Event: 64.792 Thread 0x00000297d67aa840 DEOPT UNPACKING pc=0x00000297c6924bc2 sp=0x000000a0054fd948 mode 0
Event: 64.829 Thread 0x00000297d67aa840 DEOPT PACKING pc=0x00000297bf447888 sp=0x000000a0054fe460
Event: 64.829 Thread 0x00000297d67aa840 DEOPT UNPACKING pc=0x00000297c6924bc2 sp=0x000000a0054fd948 mode 0
Event: 64.873 Thread 0x00000297d67aa840 DEOPT PACKING pc=0x00000297bf447888 sp=0x000000a0054fe460
Event: 64.873 Thread 0x00000297d67aa840 DEOPT UNPACKING pc=0x00000297c6924bc2 sp=0x000000a0054fd948 mode 0

Classes loaded (20 events):
Event: 63.049 Loading class java/lang/ProcessEnvironment$CheckedKeySet
Event: 63.049 Loading class java/lang/ProcessEnvironment$CheckedKeySet done
Event: 63.231 Loading class java/util/concurrent/CompletableFuture$AltResult
Event: 63.231 Loading class java/util/concurrent/CompletableFuture$AltResult done
Event: 63.231 Loading class java/util/concurrent/CompletableFuture$Completion
Event: 63.231 Loading class java/util/concurrent/CompletableFuture$AsynchronousCompletionTask
Event: 63.232 Loading class java/util/concurrent/CompletableFuture$AsynchronousCompletionTask done
Event: 63.233 Loading class java/util/concurrent/CompletableFuture$Completion done
Event: 63.360 Loading class java/util/regex/Pattern$Pos
Event: 63.360 Loading class java/util/regex/Pattern$Pos done
Event: 63.392 Loading class sun/security/provider/MD5
Event: 63.393 Loading class sun/security/provider/MD5 done
Event: 63.394 Loading class sun/security/provider/ByteArrayAccess$LE
Event: 63.394 Loading class sun/security/provider/ByteArrayAccess$LE done
Event: 63.406 Loading class java/util/concurrent/ForkJoinTask$AdaptedCallable
Event: 63.406 Loading class java/util/concurrent/ForkJoinTask$AdaptedCallable done
Event: 63.951 Loading class java/util/Vector$1
Event: 63.952 Loading class java/util/Vector$1 done
Event: 64.525 Loading class java/util/regex/Pattern$Caret
Event: 64.526 Loading class java/util/regex/Pattern$Caret done

Classes unloaded (7 events):
Event: 61.633 Thread 0x00000297d5cb2190 Unloading class 0x00000297d81a5000 'java/lang/invoke/LambdaForm$MH+0x00000297d81a5000'
Event: 61.633 Thread 0x00000297d5cb2190 Unloading class 0x00000297d81a4c00 'java/lang/invoke/LambdaForm$MH+0x00000297d81a4c00'
Event: 61.634 Thread 0x00000297d5cb2190 Unloading class 0x00000297d81a4800 'java/lang/invoke/LambdaForm$MH+0x00000297d81a4800'
Event: 61.634 Thread 0x00000297d5cb2190 Unloading class 0x00000297d81a4400 'java/lang/invoke/LambdaForm$MH+0x00000297d81a4400'
Event: 61.634 Thread 0x00000297d5cb2190 Unloading class 0x00000297d81a4000 'java/lang/invoke/LambdaForm$BMH+0x00000297d81a4000'
Event: 61.634 Thread 0x00000297d5cb2190 Unloading class 0x00000297d81a3c00 'java/lang/invoke/LambdaForm$DMH+0x00000297d81a3c00'
Event: 61.634 Thread 0x00000297d5cb2190 Unloading class 0x00000297d81a2800 'java/lang/invoke/LambdaForm$DMH+0x00000297d81a2800'

Classes redefined (0 events):
No events

Internal exceptions (20 events):
Event: 62.670 Thread 0x00000297d67adcc0 Implicit null exception at 0x00000297c6fc017e to 0x00000297c6fc0400
Event: 62.670 Thread 0x00000297d67adcc0 Implicit null exception at 0x00000297c6f19317 to 0x00000297c6f1a24c
Event: 62.674 Thread 0x00000297d67adcc0 Exception <a 'java/lang/NoSuchMethodError'{0x0000000704d09808}: 'java.lang.Object java.lang.invoke.Invokers$Holder.invokeExact_MT(java.lang.Object, int, java.lang.Object)'> (0x0000000704d09808) 
thrown [s\src\hotspot\share\interpreter\linkResolver.cpp, line 773]
Event: 63.027 Thread 0x00000297d67adcc0 Exception <a 'java/lang/NoClassDefFoundError'{0x000000070507a920}: com/google/inject/servlet/ServletModuleTargetVisitor> (0x000000070507a920) 
thrown [s\src\hotspot\share\classfile\systemDictionary.cpp, line 302]
Event: 63.404 Thread 0x00000297d67ac910 Exception <a 'sun/nio/fs/WindowsException'{0x0000000705e3ad60}> (0x0000000705e3ad60) 
thrown [s\src\hotspot\share\prims\jni.cpp, line 520]
Event: 63.406 Thread 0x000002981d4024a0 Exception <a 'java/lang/IncompatibleClassChangeError'{0x00000007072990e8}: Found class java.lang.Object, but interface was expected> (0x00000007072990e8) 
thrown [s\src\hotspot\share\interpreter\linkResolver.cpp, line 840]
Event: 63.409 Thread 0x000002981d402b30 Exception <a 'sun/nio/fs/WindowsException'{0x0000000705fda2e0}> (0x0000000705fda2e0) 
thrown [s\src\hotspot\share\prims\jni.cpp, line 520]
Event: 63.411 Thread 0x000002981d404570 Exception <a 'sun/nio/fs/WindowsException'{0x0000000705c00720}> (0x0000000705c00720) 
thrown [s\src\hotspot\share\prims\jni.cpp, line 520]
Event: 63.412 Thread 0x000002981d403ee0 Exception <a 'sun/nio/fs/WindowsException'{0x0000000705c1dc60}> (0x0000000705c1dc60) 
thrown [s\src\hotspot\share\prims\jni.cpp, line 520]
Event: 63.413 Thread 0x000002981d403850 Exception <a 'sun/nio/fs/WindowsException'{0x0000000705c3b428}> (0x0000000705c3b428) 
thrown [s\src\hotspot\share\prims\jni.cpp, line 520]
Event: 63.414 Thread 0x000002981f343910 Exception <a 'sun/nio/fs/WindowsException'{0x0000000705c75e70}> (0x0000000705c75e70) 
thrown [s\src\hotspot\share\prims\jni.cpp, line 520]
Event: 63.414 Thread 0x000002981d404c00 Exception <a 'sun/nio/fs/WindowsException'{0x0000000705c58978}> (0x0000000705c58978) 
thrown [s\src\hotspot\share\prims\jni.cpp, line 520]
Event: 63.414 Thread 0x000002981d401780 Exception <a 'sun/nio/fs/WindowsException'{0x0000000705c933a0}> (0x0000000705c933a0) 
thrown [s\src\hotspot\share\prims\jni.cpp, line 520]
Event: 63.415 Thread 0x000002981f344cc0 Exception <a 'sun/nio/fs/WindowsException'{0x0000000705d085b8}> (0x0000000705d085b8) 
thrown [s\src\hotspot\share\prims\jni.cpp, line 520]
Event: 63.415 Thread 0x000002981f345350 Exception <a 'sun/nio/fs/WindowsException'{0x0000000705d25ae0}> (0x0000000705d25ae0) 
thrown [s\src\hotspot\share\prims\jni.cpp, line 520]
Event: 63.423 Thread 0x000002981d405290 Exception <a 'sun/nio/fs/WindowsException'{0x0000000705cb0f38}> (0x0000000705cb0f38) 
thrown [s\src\hotspot\share\prims\jni.cpp, line 520]
Event: 63.424 Thread 0x000002981d403ee0 Exception <a 'sun/nio/fs/WindowsException'{0x0000000705c1f9c8}> (0x0000000705c1f9c8) 
thrown [s\src\hotspot\share\prims\jni.cpp, line 520]
Event: 63.433 Thread 0x000002981d405290 Exception <a 'sun/nio/fs/WindowsException'{0x0000000705cb4758}> (0x0000000705cb4758) 
thrown [s\src\hotspot\share\prims\jni.cpp, line 520]
Event: 63.624 Thread 0x00000297d67aa840 Implicit null exception at 0x00000297c70d9365 to 0x00000297c70d9568
Event: 64.492 Thread 0x00000297d67ac910 Exception <a 'java/lang/NoClassDefFoundError'{0x0000000706512160}: org/eclipse/core/runtime/IPath> (0x0000000706512160) 
thrown [s\src\hotspot\share\classfile\systemDictionary.cpp, line 302]

ZGC Phase Switch (0 events):
No events

VM Operations (20 events):
Event: 62.786 Executing safepoint VM operation: G1CollectForAllocation (G1 Evacuation Pause) done
Event: 62.952 Executing safepoint VM operation: G1CollectForAllocation (G1 Evacuation Pause)
Event: 62.961 Executing safepoint VM operation: G1CollectForAllocation (G1 Evacuation Pause) done
Event: 63.085 Executing non-safepoint VM operation: HandshakeAllThreads (Deoptimize)
Event: 63.085 Executing non-safepoint VM operation: HandshakeAllThreads (Deoptimize) done
Event: 63.149 Executing non-safepoint VM operation: HandshakeAllThreads (Deoptimize)
Event: 63.149 Executing non-safepoint VM operation: HandshakeAllThreads (Deoptimize) done
Event: 63.343 Executing safepoint VM operation: G1CollectForAllocation (G1 Evacuation Pause)
Event: 63.349 Executing safepoint VM operation: G1CollectForAllocation (G1 Evacuation Pause) done
Event: 63.544 Executing non-safepoint VM operation: HandshakeAllThreads (Deoptimize)
Event: 63.544 Executing non-safepoint VM operation: HandshakeAllThreads (Deoptimize) done
Event: 63.742 Executing safepoint VM operation: G1CollectForAllocation (G1 Evacuation Pause)
Event: 63.749 Executing safepoint VM operation: G1CollectForAllocation (G1 Evacuation Pause) done
Event: 63.797 Executing safepoint VM operation: G1PauseRemark
Event: 63.803 Executing safepoint VM operation: G1PauseRemark done
Event: 63.821 Executing safepoint VM operation: G1PauseCleanup
Event: 63.822 Executing safepoint VM operation: G1PauseCleanup done
Event: 64.241 Executing safepoint VM operation: G1CollectForAllocation (G1 Evacuation Pause)
Event: 64.249 Executing safepoint VM operation: G1CollectForAllocation (G1 Evacuation Pause) done
Event: 64.875 Executing safepoint VM operation: G1CollectForAllocation (G1 Evacuation Pause)

Memory protections (0 events):
No events

Nmethod flushes (20 events):
Event: 63.802 Thread 0x00000297d5cb2190 flushing  nmethod 0x00000297bf8cbc10
Event: 63.802 Thread 0x00000297d5cb2190 flushing  nmethod 0x00000297bfb85510
Event: 63.802 Thread 0x00000297d5cb2190 flushing  nmethod 0x00000297bfb85990
Event: 63.802 Thread 0x00000297d5cb2190 flushing  nmethod 0x00000297bfb86910
Event: 63.802 Thread 0x00000297d5cb2190 flushing  nmethod 0x00000297bfd2a710
Event: 63.802 Thread 0x00000297d5cb2190 flushing  nmethod 0x00000297bf4e0b90
Event: 63.802 Thread 0x00000297d5cb2190 flushing  nmethod 0x00000297bf568b10
Event: 63.802 Thread 0x00000297d5cb2190 flushing  nmethod 0x00000297bf569410
Event: 63.802 Thread 0x00000297d5cb2190 flushing  nmethod 0x00000297bf6f9510
Event: 63.802 Thread 0x00000297d5cb2190 flushing  nmethod 0x00000297bf8b0910
Event: 63.802 Thread 0x00000297d5cb2190 flushing  nmethod 0x00000297bfb78110
Event: 63.802 Thread 0x00000297d5cb2190 flushing  nmethod 0x00000297bfb78c90
Event: 63.802 Thread 0x00000297d5cb2190 flushing  nmethod 0x00000297bfb9fa90
Event: 63.802 Thread 0x00000297d5cb2190 flushing  nmethod 0x00000297bfba1290
Event: 63.802 Thread 0x00000297d5cb2190 flushing  nmethod 0x00000297bfbbc110
Event: 63.802 Thread 0x00000297d5cb2190 flushing  nmethod 0x00000297bfc47190
Event: 63.802 Thread 0x00000297d5cb2190 flushing  nmethod 0x00000297bfd3d010
Event: 63.802 Thread 0x00000297d5cb2190 flushing  nmethod 0x00000297bfd40590
Event: 63.802 Thread 0x00000297d5cb2190 flushing  nmethod 0x00000297bfd48490
Event: 63.802 Thread 0x00000297d5cb2190 flushing  nmethod 0x00000297bfd4b010

Events (20 events):
Event: 63.411 Thread 0x000002981d402b30 Thread added: 0x000002981d403ee0
Event: 63.412 Thread 0x000002981d404570 Thread added: 0x000002981d403850
Event: 63.412 Thread 0x000002981d404570 Thread added: 0x000002981d404c00
Event: 63.412 Thread 0x000002981d403850 Thread added: 0x000002981d401780
Event: 63.413 Thread 0x000002981d404570 Thread added: 0x000002981d405290
Event: 63.413 Thread 0x000002981d403ee0 Thread added: 0x000002981f343910
Event: 63.413 Thread 0x000002981d404c00 Thread added: 0x000002981f343fa0
Event: 63.413 Thread 0x000002981d403850 Thread added: 0x000002981f344630
Event: 63.414 Thread 0x000002981f343910 Thread added: 0x000002981f344cc0
Event: 63.414 Thread 0x000002981d401780 Thread added: 0x000002981f345350
Event: 63.505 Thread 0x00000297d67ac910 Thread added: 0x000002981f341ed0
Event: 63.505 Thread 0x00000297d67ac910 Thread added: 0x000002981f3459e0
Event: 63.506 Thread 0x00000297d67ac910 Thread added: 0x000002981f342560
Event: 63.506 Thread 0x00000297d67ac910 Thread added: 0x000002981f343280
Event: 63.506 Thread 0x00000297d67ac910 Thread added: 0x000002981f346070
Event: 63.506 Thread 0x000002981f3459e0 Thread added: 0x000002981f342bf0
Event: 63.506 Thread 0x000002981f341ed0 Thread added: 0x000002981f346700
Event: 63.507 Thread 0x000002981f343280 Thread added: 0x000002981f346d90
Event: 63.507 Thread 0x000002981f346700 Thread added: 0x000002981f348140
Event: 63.508 Thread 0x00000297d67ac910 Thread added: 0x000002981f347420


Dynamic libraries:
0x00007ff6ca1c0000 - 0x00007ff6ca1ce000 	c:\Users\rudra\.vscode\extensions\redhat.java-1.55.0-win32-x64\jre\21.0.11-win32-x86_64\bin\java.exe
0x00007fffe8e00000 - 0x00007fffe9066000 	C:\WINDOWS\SYSTEM32\ntdll.dll
0x00007fffe7910000 - 0x00007fffe79d9000 	C:\WINDOWS\System32\KERNEL32.DLL
0x00007fffe6010000 - 0x00007fffe640f000 	C:\WINDOWS\System32\KERNELBASE.dll
0x00007fffe6770000 - 0x00007fffe68bc000 	C:\WINDOWS\System32\ucrtbase.dll
0x00007fffa6f90000 - 0x00007fffa6fa8000 	c:\Users\rudra\.vscode\extensions\redhat.java-1.55.0-win32-x64\jre\21.0.11-win32-x86_64\bin\jli.dll
0x00007fffa6fb0000 - 0x00007fffa6fce000 	c:\Users\rudra\.vscode\extensions\redhat.java-1.55.0-win32-x64\jre\21.0.11-win32-x86_64\bin\VCRUNTIME140.dll
0x00007fffe7bd0000 - 0x00007fffe7d96000 	C:\WINDOWS\System32\USER32.dll
0x00007fffca740000 - 0x00007fffca9d1000 	C:\WINDOWS\WinSxS\amd64_microsoft.windows.common-controls_6595b64144ccf1df_6.0.26100.8972_none_3e0da176e32f9d4b\COMCTL32.dll
0x00007fffe68d0000 - 0x00007fffe68f7000 	C:\WINDOWS\System32\win32u.dll
0x00007fffe7a10000 - 0x00007fffe7a3b000 	C:\WINDOWS\System32\GDI32.dll
0x00007fffe7b20000 - 0x00007fffe7bc9000 	C:\WINDOWS\System32\msvcrt.dll
0x00007fffe65b0000 - 0x00007fffe66d9000 	C:\WINDOWS\System32\gdi32full.dll
0x00007fffe6a80000 - 0x00007fffe6b23000 	C:\WINDOWS\System32\msvcp_win.dll
0x00007fffe6b30000 - 0x00007fffe6b62000 	C:\WINDOWS\System32\IMM32.DLL
0x00007fffcfab0000 - 0x00007fffcfabc000 	c:\Users\rudra\.vscode\extensions\redhat.java-1.55.0-win32-x64\jre\21.0.11-win32-x86_64\bin\vcruntime140_1.dll
0x00007fff954f0000 - 0x00007fff9557d000 	c:\Users\rudra\.vscode\extensions\redhat.java-1.55.0-win32-x64\jre\21.0.11-win32-x86_64\bin\msvcp140.dll
0x00007fff4e270000 - 0x00007fff4f012000 	c:\Users\rudra\.vscode\extensions\redhat.java-1.55.0-win32-x64\jre\21.0.11-win32-x86_64\bin\server\jvm.dll
0x00007fffe8b60000 - 0x00007fffe8c1c000 	C:\WINDOWS\System32\ADVAPI32.dll
0x00007fffe7310000 - 0x00007fffe73ba000 	C:\WINDOWS\System32\sechost.dll
0x00007fffe8c30000 - 0x00007fffe8d48000 	C:\WINDOWS\System32\RPCRT4.dll
0x00007fffe7a90000 - 0x00007fffe7b12000 	C:\WINDOWS\System32\WS2_32.dll
0x00007fffe5e70000 - 0x00007fffe5ece000 	C:\WINDOWS\SYSTEM32\POWRPROF.dll
0x00007fffdd120000 - 0x00007fffdd12b000 	C:\WINDOWS\SYSTEM32\VERSION.dll
0x00007fffd8430000 - 0x00007fffd8466000 	C:\WINDOWS\SYSTEM32\WINMM.dll
0x00007fffe5e50000 - 0x00007fffe5e65000 	C:\WINDOWS\SYSTEM32\UMPDC.dll
0x00007fffe4d00000 - 0x00007fffe4d1b000 	C:\WINDOWS\SYSTEM32\kernel.appcore.dll
0x00007fffce4c0000 - 0x00007fffce4ca000 	c:\Users\rudra\.vscode\extensions\redhat.java-1.55.0-win32-x64\jre\21.0.11-win32-x86_64\bin\jimage.dll
0x00007fffe2c90000 - 0x00007fffe2ed2000 	C:\WINDOWS\SYSTEM32\DBGHELP.DLL
0x00007fffe73e0000 - 0x00007fffe7765000 	C:\WINDOWS\System32\combase.dll
0x00007fffe8340000 - 0x00007fffe8419000 	C:\WINDOWS\System32\OLEAUT32.dll
0x00007fffc3580000 - 0x00007fffc35bb000 	C:\WINDOWS\SYSTEM32\dbgcore.DLL
0x00007fffe69c0000 - 0x00007fffe6a6c000 	C:\WINDOWS\System32\bcryptPrimitives.dll
0x00007fffcd1a0000 - 0x00007fffcd1af000 	c:\Users\rudra\.vscode\extensions\redhat.java-1.55.0-win32-x64\jre\21.0.11-win32-x86_64\bin\instrument.dll
0x00007fffa6ac0000 - 0x00007fffa6ae0000 	c:\Users\rudra\.vscode\extensions\redhat.java-1.55.0-win32-x64\jre\21.0.11-win32-x86_64\bin\java.dll
0x00007fffe6b80000 - 0x00007fffe7308000 	C:\WINDOWS\System32\SHELL32.dll
0x00007fffe3a90000 - 0x00007fffe432b000 	C:\WINDOWS\SYSTEM32\windows.storage.dll
0x00007fffe8420000 - 0x00007fffe8519000 	C:\WINDOWS\System32\SHCORE.dll
0x00007fffe8d50000 - 0x00007fffe8db6000 	C:\WINDOWS\System32\shlwapi.dll
0x00007fffe5f30000 - 0x00007fffe5f59000 	C:\WINDOWS\SYSTEM32\profapi.dll
0x00007fffa5c20000 - 0x00007fffa5c38000 	c:\Users\rudra\.vscode\extensions\redhat.java-1.55.0-win32-x64\jre\21.0.11-win32-x86_64\bin\zip.dll
0x00007fffcce30000 - 0x00007fffcce40000 	C:\Users\rudra\.vscode\extensions\redhat.java-1.55.0-win32-x64\jre\21.0.11-win32-x86_64\bin\net.dll
0x00007fffdee30000 - 0x00007fffdef58000 	C:\WINDOWS\SYSTEM32\WINHTTP.dll
0x00007fffe52b0000 - 0x00007fffe531c000 	C:\WINDOWS\system32\mswsock.dll
0x00007fffa5c00000 - 0x00007fffa5c16000 	C:\Users\rudra\.vscode\extensions\redhat.java-1.55.0-win32-x64\jre\21.0.11-win32-x86_64\bin\nio.dll
0x00007fffca560000 - 0x00007fffca570000 	c:\Users\rudra\.vscode\extensions\redhat.java-1.55.0-win32-x64\jre\21.0.11-win32-x86_64\bin\verify.dll
0x00007fff95350000 - 0x00007fff95395000 	C:\Users\rudra\AppData\Roaming\Code\User\globalStorage\redhat.java\1.55.0\config_win\org.eclipse.equinox.launcher\org.eclipse.equinox.launcher.win32.win32.x86_64_1.3.100.v20260613-0559\eclipse_11924.dll
0x00007fffe7770000 - 0x00007fffe7909000 	C:\WINDOWS\System32\ole32.dll
0x00007fffe55a0000 - 0x00007fffe55bb000 	C:\WINDOWS\SYSTEM32\CRYPTSP.dll
0x00007fffe4c60000 - 0x00007fffe4c99000 	C:\WINDOWS\system32\rsaenh.dll
0x00007fffe5360000 - 0x00007fffe5392000 	C:\WINDOWS\SYSTEM32\USERENV.dll
0x00007fffe5f00000 - 0x00007fffe5f2a000 	C:\WINDOWS\SYSTEM32\bcrypt.dll
0x00007fffe55c0000 - 0x00007fffe55cc000 	C:\WINDOWS\SYSTEM32\CRYPTBASE.dll
0x00007fffe4740000 - 0x00007fffe4773000 	C:\WINDOWS\SYSTEM32\IPHLPAPI.DLL
0x00007fffe6b70000 - 0x00007fffe6b7a000 	C:\WINDOWS\System32\NSI.dll
0x00007fff95090000 - 0x00007fff950d9000 	C:\Users\rudra\AppData\Local\Temp\jna-108866672\jna6379731277758249134.dll
0x00007fffe8520000 - 0x00007fffe8528000 	C:\WINDOWS\System32\PSAPI.DLL
0x00007fffe0310000 - 0x00007fffe032d000 	C:\WINDOWS\SYSTEM32\dhcpcsvc6.DLL
0x00007fffe01c0000 - 0x00007fffe01e5000 	C:\WINDOWS\SYSTEM32\dhcpcsvc.DLL

JVMTI agents:
c:\Users\rudra\.vscode\extensions\redhat.java-1.55.0-win32-x64\lombok\lombok-1.18.39-4050.jar path:c:\Users\rudra\.vscode\extensions\redhat.java-1.55.0-win32-x64\jre\21.0.11-win32-x86_64\bin\instrument.dll, loaded, initialized, instrumentlib options:none

dbghelp: loaded successfully - version: 4.0.5 - missing functions: none
symbol engine: initialized successfully - sym options: 0x614 - pdb path: .;c:\Users\rudra\.vscode\extensions\redhat.java-1.55.0-win32-x64\jre\21.0.11-win32-x86_64\bin;C:\WINDOWS\SYSTEM32;C:\WINDOWS\WinSxS\amd64_microsoft.windows.common-controls_6595b64144ccf1df_6.0.26100.8972_none_3e0da176e32f9d4b;c:\Users\rudra\.vscode\extensions\redhat.java-1.55.0-win32-x64\jre\21.0.11-win32-x86_64\bin\server;C:\Users\rudra\AppData\Roaming\Code\User\globalStorage\redhat.java\1.55.0\config_win\org.eclipse.equinox.launcher\org.eclipse.equinox.launcher.win32.win32.x86_64_1.3.100.v20260613-0559;C:\Users\rudra\AppData\Local\Temp\jna-108866672

VM Arguments:
jvm_args: --add-modules=ALL-SYSTEM --add-opens=java.base/java.util=ALL-UNNAMED --add-opens=java.base/java.lang=ALL-UNNAMED --add-opens=java.base/sun.nio.fs=ALL-UNNAMED -Declipse.application=org.eclipse.jdt.ls.core.id1 -Dosgi.bundles.defaultStartLevel=4 -Declipse.product=org.eclipse.jdt.ls.core.product -Djava.import.generatesMetadataFilesAtProjectRoot=false -DDetectVMInstallationsJob.disabled=true -Dfile.encoding=utf8 -Xlog:disable -Xmx4G -XX:+UseG1GC -XX:+UseStringDeduplication -javaagent:c:\Users\rudra\.vscode\extensions\redhat.java-1.55.0-win32-x64\lombok\lombok-1.18.39-4050.jar -XX:+HeapDumpOnOutOfMemoryError -XX:HeapDumpPath=c:\Users\rudra\AppData\Roaming\Code\User\workspaceStorage\086a3813734a799be09e0ee9bd3557e7\redhat.java -Daether.dependencyCollector.impl=bf 
java_command: c:\Users\rudra\.vscode\extensions\redhat.java-1.55.0-win32-x64\server\plugins\org.eclipse.equinox.launcher_1.7.200.v20260619-2039.jar -configuration c:\Users\rudra\AppData\Roaming\Code\User\globalStorage\redhat.java\1.55.0\config_win -data c:\Users\rudra\AppData\Roaming\Code\User\workspaceStorage\086a3813734a799be09e0ee9bd3557e7\redhat.java\jdt_ws --pipe=\\.\pipe\lsp-e95e79ffd8112ba837e047f6c7ce6d7c-sock
java_class_path (initial): c:\Users\rudra\.vscode\extensions\redhat.java-1.55.0-win32-x64\server\plugins\org.eclipse.equinox.launcher_1.7.200.v20260619-2039.jar
Launcher Type: SUN_STANDARD

[Global flags]
     intx CICompilerCount                          = 4                                         {product} {ergonomic}
     uint ConcGCThreads                            = 3                                         {product} {ergonomic}
     uint G1ConcRefinementThreads                  = 10                                        {product} {ergonomic}
   size_t G1HeapRegionSize                         = 2097152                                   {product} {ergonomic}
    uintx GCDrainStackTargetSize                   = 64                                        {product} {ergonomic}
     bool HeapDumpOnOutOfMemoryError               = true                                   {manageable} {command line}
    ccstr HeapDumpPath                             = c:\Users\rudra\AppData\Roaming\Code\User\workspaceStorage\086a3813734a799be09e0ee9bd3557e7\redhat.java         {manageable} {command line}
   size_t InitialHeapSize                          = 121634816                                 {product} {ergonomic}
   size_t MarkStackSize                            = 4194304                                   {product} {ergonomic}
   size_t MaxHeapSize                              = 4294967296                                {product} {command line}
   size_t MaxNewSize                               = 2575302656                                {product} {ergonomic}
   size_t MinHeapDeltaBytes                        = 2097152                                   {product} {ergonomic}
   size_t MinHeapSize                              = 8388608                                   {product} {ergonomic}
    uintx NonNMethodCodeHeapSize                   = 5839372                                {pd product} {ergonomic}
    uintx NonProfiledCodeHeapSize                  = 122909434                              {pd product} {ergonomic}
    uintx ProfiledCodeHeapSize                     = 122909434                              {pd product} {ergonomic}
    uintx ReservedCodeCacheSize                    = 251658240                              {pd product} {ergonomic}
     bool SegmentedCodeCache                       = true                                      {product} {ergonomic}
   size_t SoftMaxHeapSize                          = 4294967296                             {manageable} {ergonomic}
     bool UseCompressedOops                        = true                           {product lp64_product} {ergonomic}
     bool UseG1GC                                  = true                                      {product} {command line}
     bool UseLargePagesIndividualAllocation        = false                                  {pd product} {ergonomic}
     bool UseStringDeduplication                   = true                                      {product} {command line}

Logging:
Log output configuration:
 #0: stdout all=off uptime,level,tags foldmultilines=false
 #1: stderr all=off uptime,level,tags foldmultilines=false

Release file:
JAVA_VERSION="21.0.11" 
MODULES="java.base java.compiler java.datatransfer java.xml java.prefs java.desktop java.instrument java.logging java.management java.security.sasl java.naming java.rmi java.management.rmi java.net.http java.scripting java.security.jgss java.transaction.xa java.sql java.sql.rowset java.xml.crypto java.se java.smartcardio jdk.accessibility jdk.internal.jvmstat jdk.attach jdk.charsets jdk.internal.opt jdk.zipfs jdk.compiler jdk.crypto.ec jdk.crypto.cryptoki jdk.crypto.mscapi jdk.dynalink jdk.internal.ed jdk.editpad jdk.hotspot.agent jdk.httpserver jdk.internal.le jdk.internal.vm.ci jdk.internal.vm.compiler jdk.internal.vm.compiler.management jdk.jartool jdk.javadoc jdk.jcmd jdk.management jdk.management.agent jdk.jconsole jdk.jdeps jdk.jdwp.agent jdk.jdi jdk.jfr jdk.jshell jdk.jsobject jdk.jstatd jdk.localedata jdk.management.jfr jdk.naming.dns jdk.naming.rmi jdk.net jdk.nio.mapmode jdk.random jdk.sctp jdk.security.auth jdk.security.jgss jdk.unsupported jdk.unsupported.desktop jdk.xml.dom" 

Environment Variables:
PATH=C:\Program Files\Common Files\Oracle\Java\javapath;C:\WINDOWS\system32;C:\WINDOWS;C:\WINDOWS\System32\Wbem;C:\WINDOWS\System32\WindowsPowerShell\v1.0\;C:\WINDOWS\System32\OpenSSH\;C:\Program Files\Docker\Docker\resources\bin;C:\Program Files\nodejs\;C:\Program Files\Java\jdk-21.0.10\bin;C:\Program Files\Java\jdk-25.0.2\bin;C:\Python313\Lib;C:\Program Files\Git\cmd;C:\Program Files\nodejs\node_modules\npm\bin;C:\Python313\include;C:\Python313\Scripts;C:\apache-maven-3.9.10\bin;C:\Program Files (x86)\cloudflared\;C:\Program Files\Cloudflare\Cloudflare WARP\;C:\Users\rudra\AppData\Local\Microsoft\WindowsApps;C:\Users\rudra\AppData\Local\Programs\Microsoft VS Code\bin;C:\Users\rudra\AppData\Roaming\npm;C:\Users\rudra\AppData\Local\GitHubDesktop\bin;C:\Program Files\Java\jdk-21.0.10\bin;C:\Program Files\Java\jdk-25.0.2\bin;C:\Program Files\nodejs;C:\Python313\Lib;C:\Program Files\nodejs\node_modules\npm\bin;C:\Users\rudra\AppData\Local\Programs\Antigravity\bin;C:\Python313\include;C:\Python313\Scripts;C:\apache-maven-3.9.10\bin;D:\IntelliJ IDEA 2026.2.1\bin;C:\Users\rudra\AppData\Local\Programs\Antigravity IDE\bin
USERNAME=rudra
OS=Windows_NT
PROCESSOR_IDENTIFIER=AMD64 Family 25 Model 68 Stepping 1, AuthenticAMD
TMP=C:\Users\rudra\AppData\Local\Temp
TEMP=C:\Users\rudra\AppData\Local\Temp




Periodic native trim disabled

---------------  S Y S T E M  ---------------

OS:
 Windows 11 , 64 bit Build 26100 (10.0.26100.9168)
OS uptime: 1 days 21:13 hours
Hyper-V role detected

CPU: total 12 (initial active 12) (12 cores per cpu, 2 threads per core) family 25 model 68 stepping 1 microcode 0xa404107, cx8, cmov, fxsr, ht, mmx, 3dnowpref, sse, sse2, sse3, ssse3, sse4a, sse4.1, sse4.2, popcnt, lzcnt, tsc, tscinvbit, avx, avx2, aes, erms, clmul, bmi1, bmi2, adx, sha, fma, vzeroupper, clflush, clflushopt, hv, rdtscp, rdpid, fsrm, f16c, cet_ss
Processor Information for processor 0
  Max Mhz: 3301, Current Mhz: 2496, Mhz Limit: 3301
Processor Information for processor 1
  Max Mhz: 3301, Current Mhz: 2496, Mhz Limit: 3301
Processor Information for processor 2
  Max Mhz: 3301, Current Mhz: 2496, Mhz Limit: 3301
Processor Information for processor 3
  Max Mhz: 3301, Current Mhz: 2496, Mhz Limit: 3301
Processor Information for processor 4
  Max Mhz: 3301, Current Mhz: 2024, Mhz Limit: 3301
Processor Information for processor 5
  Max Mhz: 3301, Current Mhz: 2024, Mhz Limit: 3301
Processor Information for processor 6
  Max Mhz: 3301, Current Mhz: 2024, Mhz Limit: 3301
Processor Information for processor 7
  Max Mhz: 3301, Current Mhz: 2496, Mhz Limit: 3301
Processor Information for processor 8
  Max Mhz: 3301, Current Mhz: 2024, Mhz Limit: 3301
Processor Information for processor 9
  Max Mhz: 3301, Current Mhz: 2024, Mhz Limit: 3301
Processor Information for processor 10
  Max Mhz: 3301, Current Mhz: 2024, Mhz Limit: 3301
Processor Information for processor 11
  Max Mhz: 3301, Current Mhz: 2024, Mhz Limit: 3301

Memory: 4k page, system-wide physical 7381M (93M free)
TotalPageFile size 29909M (AvailPageFile size 1M)
current process WorkingSet (physical memory assigned to process): 253M, peak: 310M
current process commit charge ("private bytes"): 354M, peak: 354M

vm_info: OpenJDK 64-Bit Server VM (21.0.11+10-LTS) for windows-amd64 JRE (21.0.11+10-LTS), built on 2026-04-21T00:00:00Z by "admin" with MS VC++ 17.12 (VS2022)

END.
